// Jest Snapshot v1, https://goo.gl/fbAQLP

exports[`CdsRadio snapshot 1`] = `
<div>
  <CdsRadioGroup>
    <cds-radio-group(CustomElement)
      __forwardedRef={null}
    >
      <cds-radio-group
        __forwardedRef={null}
      >
        <label>
          radio group
        </label>
        <CdsRadio>
          <cds-radio(CustomElement)
            __forwardedRef={null}
          >
            <cds-radio
              __forwardedRef={null}
            >
              <label>
                radio 1
              </label>
              <input
                defaultChecked={true}
                type="radio"
              />
            </cds-radio>
          </cds-radio(CustomElement)>
        </CdsRadio>
        <CdsRadio>
          <cds-radio(CustomElement)
            __forwardedRef={null}
          >
            <cds-radio
              __forwardedRef={null}
            >
              <label>
                radio 2
              </label>
              <input
                type="radio"
              />
            </cds-radio>
          </cds-radio(CustomElement)>
        </CdsRadio>
        <CdsRadio>
          <cds-radio(CustomElement)
            __forwardedRef={null}
          >
            <cds-radio
              __forwardedRef={null}
            >
              <label>
                radio 3
              </label>
              <input
                type="radio"
              />
            </cds-radio>
          </cds-radio(CustomElement)>
        </CdsRadio>
      </cds-radio-group>
    </cds-radio-group(CustomElement)>
  </CdsRadioGroup>
</div>
`;
