// Jest Snapshot v1, https://goo.gl/fbAQLP

exports[`CdsCheckbox snapshot 1`] = `
<div>
  <CdsCheckbox>
    <cds-checkbox(CustomElement)
      __forwardedRef={null}
    >
      <cds-checkbox
        __forwardedRef={null}
      >
        <label>
          Hello
        </label>
        <input
          type="checkbox"
        />
      </cds-checkbox>
    </cds-checkbox(CustomElement)>
  </CdsCheckbox>
</div>
`;
