// Jest Snapshot v1, https://goo.gl/fbAQLP

exports[`CdsRange snapshot 1`] = `
<div>
  <CdsFormGroup
    layout="horizontal"
  >
    <cds-form-group(CustomElement)
      __forwardedRef={null}
      layout="horizontal"
    >
      <cds-form-group
        __forwardedRef={null}
      >
        <CdsRange
          layout="horizontal"
        >
          <cds-range(CustomElement)
            __forwardedRef={null}
            layout="horizontal"
          >
            <cds-range
              __forwardedRef={null}
              layout="horizontal"
            >
              <label>
                label
              </label>
              <input
                type="range"
              />
              <CdsControlMessage>
                <cds-control-message(CustomElement)
                  __forwardedRef={null}
                >
                  <cds-control-message
                    __forwardedRef={null}
                  >
                    message text
                  </cds-control-message>
                </cds-control-message(CustomElement)>
              </CdsControlMessage>
            </cds-range>
          </cds-range(CustomElement)>
        </CdsRange>
        <CdsRange
          layout="horizontal"
        >
          <cds-range(CustomElement)
            __forwardedRef={null}
            layout="horizontal"
          >
            <cds-range
              __forwardedRef={null}
              layout="horizontal"
            >
              <label>
                disabled
              </label>
              <input
                disabled={true}
                type="range"
              />
              <CdsControlMessage>
                <cds-control-message(CustomElement)
                  __forwardedRef={null}
                >
                  <cds-control-message
                    __forwardedRef={null}
                  >
                    disabled message
                  </cds-control-message>
                </cds-control-message(CustomElement)>
              </CdsControlMessage>
            </cds-range>
          </cds-range(CustomElement)>
        </CdsRange>
        <CdsRange
          layout="horizontal"
          status="error"
        >
          <cds-range(CustomElement)
            __forwardedRef={null}
            layout="horizontal"
            status="error"
          >
            <cds-range
              __forwardedRef={null}
              layout="horizontal"
            >
              <label>
                error
              </label>
              <input
                type="range"
              />
              <CdsControlMessage
                status="error"
              >
                <cds-control-message(CustomElement)
                  __forwardedRef={null}
                  status="error"
                >
                  <cds-control-message
                    __forwardedRef={null}
                  >
                    error message
                  </cds-control-message>
                </cds-control-message(CustomElement)>
              </CdsControlMessage>
            </cds-range>
          </cds-range(CustomElement)>
        </CdsRange>
        <CdsRange
          layout="horizontal"
          status="success"
        >
          <cds-range(CustomElement)
            __forwardedRef={null}
            layout="horizontal"
            status="success"
          >
            <cds-range
              __forwardedRef={null}
              layout="horizontal"
            >
              <label>
                success
              </label>
              <input
                type="range"
              />
              <CdsControlMessage
                status="success"
              >
                <cds-control-message(CustomElement)
                  __forwardedRef={null}
                  status="success"
                >
                  <cds-control-message
                    __forwardedRef={null}
                  >
                    success message
                  </cds-control-message>
                </cds-control-message(CustomElement)>
              </CdsControlMessage>
            </cds-range>
          </cds-range(CustomElement)>
        </CdsRange>
      </cds-form-group>
    </cds-form-group(CustomElement)>
  </CdsFormGroup>
</div>
`;
