// Jest Snapshot v1, https://goo.gl/fbAQLP

exports[`CdsPassword snapshot 1`] = `
<div>
  <CdsPassword
    layout="vertical"
  >
    <cds-password(CustomElement)
      __forwardedRef={null}
      layout="vertical"
    >
      <cds-password
        __forwardedRef={null}
        layout="vertical"
      >
        <label>
          label
        </label>
        <input
          defaultValue="123456"
          type="password"
        />
      </cds-password>
    </cds-password(CustomElement)>
  </CdsPassword>
</div>
`;
