// Jest Snapshot v1, https://goo.gl/fbAQLP

exports[`CdsFile snapshot 1`] = `
<div>
  <CdsFile
    layout="vertical"
  >
    <cds-file(CustomElement)
      __forwardedRef={null}
      layout="vertical"
    >
      <cds-file
        __forwardedRef={null}
        layout="vertical"
      >
        <label>
          label
        </label>
        <input
          multiple={true}
          type="file"
        />
      </cds-file>
    </cds-file(CustomElement)>
  </CdsFile>
</div>
`;
