// Jest Snapshot v1, https://goo.gl/fbAQLP

exports[`CdsTag snapshot 1`] = `
<div>
  <CdsTag
    readonly={true}
    status="info"
  >
    <cds-tag(CustomElement)
      __forwardedRef={null}
      readonly={true}
      status="info"
    >
      <cds-tag
        __forwardedRef={null}
      >
        Info
      </cds-tag>
    </cds-tag(CustomElement)>
  </CdsTag>
  <CdsTag
    readonly={true}
    status="success"
  >
    <cds-tag(CustomElement)
      __forwardedRef={null}
      readonly={true}
      status="success"
    >
      <cds-tag
        __forwardedRef={null}
      >
        Success
      </cds-tag>
    </cds-tag(CustomElement)>
  </CdsTag>
</div>
`;
