// Jest Snapshot v1, https://goo.gl/fbAQLP

exports[`CdsIcon snapshot 1`] = `
<div>
  <CdsIcon
    shape="user"
    size="lg"
  >
    <cds-icon(CustomElement)
      __forwardedRef={null}
      shape="user"
      size="lg"
    >
      <cds-icon
        __forwardedRef={null}
        shape="user"
        size="lg"
      />
    </cds-icon(CustomElement)>
  </CdsIcon>
  <CdsIcon
    badge="info"
    shape="user"
    size="lg"
  >
    <cds-icon(CustomElement)
      __forwardedRef={null}
      badge="info"
      shape="user"
      size="lg"
    >
      <cds-icon
        __forwardedRef={null}
        shape="user"
        size="lg"
      />
    </cds-icon(CustomElement)>
  </CdsIcon>
  <CdsIcon
    badge="success"
    shape="user"
    size="lg"
  >
    <cds-icon(CustomElement)
      __forwardedRef={null}
      badge="success"
      shape="user"
      size="lg"
    >
      <cds-icon
        __forwardedRef={null}
        shape="user"
        size="lg"
      />
    </cds-icon(CustomElement)>
  </CdsIcon>
  <CdsIcon
    badge="danger"
    shape="user"
    size="lg"
  >
    <cds-icon(CustomElement)
      __forwardedRef={null}
      badge="danger"
      shape="user"
      size="lg"
    >
      <cds-icon
        __forwardedRef={null}
        shape="user"
        size="lg"
      />
    </cds-icon(CustomElement)>
  </CdsIcon>
  <CdsIcon
    badge="warning-triangle"
    shape="user"
    size="lg"
  >
    <cds-icon(CustomElement)
      __forwardedRef={null}
      badge="warning-triangle"
      shape="user"
      size="lg"
    >
      <cds-icon
        __forwardedRef={null}
        shape="user"
        size="lg"
      />
    </cds-icon(CustomElement)>
  </CdsIcon>
</div>
`;
